// Jest Snapshot v1, https://goo.gl/fbAQLP

exports[`renders default typography 1`] = `
<p
  className="MuiTypography-root MuiTypography-body1"
>
  cdjcsdkj
</p>
`;

exports[`renders variant typography 1`] = `
<h2
  className="MuiTypography-root MuiTypography-h2"
>
  cdjcsdkj
</h2>
`;
